// Jest Snapshot v1, https://goo.gl/fbAQLP

exports[`Error Screen should match snapshot 1`] = `
<View
  className="sc-gzVnrw sc-jTzLTM gkVpDJ"
>
  <View
    style={
      Object {
        "alignItems": "center",
        "flex": 1,
        "justifyContent": "center",
        "marginBottom": 120,
        "width": "100%",
      }
    }
  >
    <Text
      className="sc-ifAKCX sc-kgoBCf eoSCgB"
    >
      Oops, something went wrong, our servers may be down at the moment
    </Text>
    <View
      style={
        Object {
          "transform": Array [
            Object {
              "scale": 1,
            },
          ],
        }
      }
    >
      <View
        accessible={true}
        className="sc-gqjmRU bsUHzu"
        focusable={true}
        onClick={[Function]}
        onResponderGrant={[Function]}
        onResponderMove={[Function]}
        onResponderRelease={[Function]}
        onResponderTerminate={[Function]}
        onResponderTerminationRequest={[Function]}
        onStartShouldSetResponder={[Function]}
        style={Array []}
      >
        <Text
          className="sc-bwzfXH etwhaW"
        >
          Retry
        </Text>
      </View>
    </View>
  </View>
</View>
`;

exports[`ErrorScreen should match snapshot 1`] = `
<View
  className="sc-gzVnrw sc-jTzLTM gkVpDJ"
>
  <View
    style={
      Object {
        "alignItems": "center",
        "flex": 1,
        "justifyContent": "center",
        "marginBottom": 120,
        "width": "100%",
      }
    }
  >
    <Text
      className="sc-ifAKCX sc-kgoBCf eoSCgB"
    >
      Oops, something went wrong, our servers may be down at the moment
    </Text>
    <View
      style={
        Object {
          "transform": Array [
            Object {
              "scale": 1,
            },
          ],
        }
      }
    >
      <View
        accessible={true}
        className="sc-gqjmRU bsUHzu"
        focusable={true}
        onClick={[Function]}
        onResponderGrant={[Function]}
        onResponderMove={[Function]}
        onResponderRelease={[Function]}
        onResponderTerminate={[Function]}
        onResponderTerminationRequest={[Function]}
        onStartShouldSetResponder={[Function]}
        style={Array []}
      >
        <Text
          className="sc-bwzfXH etwhaW"
        >
          Retry
        </Text>
      </View>
    </View>
  </View>
</View>
`;
